// Jest Snapshot v1, https://goo.gl/fbAQLP

exports[`Navbar renders the Navbar component correctly 1`] = `
<div>
  <header
    class="navbar"
  >
    <nav
      class="links"
    >
      <div
        class="brand"
      >
        <a
          aria-current="page"
          class="active"
          href="/"
        >
          <svg
            class="icon"
            fill="currentColor"
            height="1em"
            stroke="currentColor"
            stroke-width="0"
            viewBox="0 0 320 512"
            width="1em"
            xmlns="http://www.w3.org/2000/svg"
          >
            <path
              d="M41.4 233.4c-12.5 12.5-12.5 32.8 0 45.3l160 160c12.5 12.5 32.8 12.5 45.3 0s12.5-32.8 0-45.3L109.3 256 246.6 118.6c12.5-12.5 12.5-32.8 0-45.3s-32.8-12.5-45.3 0l-160 160z"
            />
          </svg>
        </a>
        <p>
          <svg
            class="logo"
            fill="currentColor"
            height="1em"
            stroke="currentColor"
            stroke-width="0"
            viewBox="0 0 512 512"
            width="1em"
            xmlns="http://www.w3.org/2000/svg"
          >
            <path
              d="M264.4 95.01c-35.6-.06-80.2 11.19-124.2 34.09C96.27 152 61.45 182 41.01 211.3c-20.45 29.2-25.98 56.4-15.92 75.8 10.07 19.3 35.53 30.4 71.22 30.4 35.69.1 80.29-11.2 124.19-34 44-22.9 78.8-53 99.2-82.2 20.5-29.2 25.9-56.4 15.9-75.8-10.1-19.3-35.5-30.49-71.2-30.49zm91.9 70.29c-3.5 15.3-11.1 31-21.8 46.3-22.6 32.3-59.5 63.8-105.7 87.8-46.2 24.1-93.1 36.2-132.5 36.2-18.6 0-35.84-2.8-50.37-8.7l10.59 20.4c10.08 19.4 35.47 30.5 71.18 30.5 35.7 0 80.3-11.2 124.2-34.1 44-22.8 78.8-52.9 99.2-82.2 20.4-29.2 26-56.4 15.9-75.7zm28.8 16.8c11.2 26.7 2.2 59.2-19.2 89.7-18.9 27.1-47.8 53.4-83.6 75.4 11.1 1.2 22.7 1.8 34.5 1.8 49.5 0 94.3-10.6 125.9-27.1 31.7-16.5 49.1-38.1 49.1-59.9 0-21.8-17.4-43.4-49.1-59.9-16.1-8.4-35.7-15.3-57.6-20zm106.7 124.8c-10.2 11.9-24.2 22.4-40.7 31-35 18.2-82.2 29.1-134.3 29.1-21.2 0-41.6-1.8-60.7-5.2-23.2 11.7-46.5 20.4-68.9 26.1 1.2.7 2.4 1.3 3.7 2 31.6 16.5 76.4 27.1 125.9 27.1s94.3-10.6 125.9-27.1c31.7-16.5 49.1-38.1 49.1-59.9z"
            />
          </svg>
          Coin Watch
        </p>
      </div>
      <div
        class="icons"
      >
        <svg
          class="icon"
          fill="currentColor"
          height="1em"
          stroke="currentColor"
          stroke-width="0"
          viewBox="0 0 384 512"
          width="1em"
          xmlns="http://www.w3.org/2000/svg"
        >
          <path
            d="M192 0C139 0 96 43 96 96V256c0 53 43 96 96 96s96-43 96-96V96c0-53-43-96-96-96zM64 216c0-13.3-10.7-24-24-24s-24 10.7-24 24v40c0 89.1 66.2 162.7 152 174.4V464H120c-13.3 0-24 10.7-24 24s10.7 24 24 24h72 72c13.3 0 24-10.7 24-24s-10.7-24-24-24H216V430.4c85.8-11.7 152-85.3 152-174.4V216c0-13.3-10.7-24-24-24s-24 10.7-24 24v40c0 70.7-57.3 128-128 128s-128-57.3-128-128V216z"
          />
        </svg>
        <svg
          class="icon"
          fill="currentColor"
          height="1em"
          stroke="currentColor"
          stroke-width="0"
          viewBox="0 0 16 16"
          width="1em"
          xmlns="http://www.w3.org/2000/svg"
        >
          <path
            d="M9.405 1.05c-.413-1.4-2.397-1.4-2.81 0l-.1.34a1.464 1.464 0 0 1-2.105.872l-.31-.17c-1.283-.698-2.686.705-1.987 1.987l.169.311c.446.82.023 1.841-.872 2.105l-.34.1c-1.4.413-1.4 2.397 0 2.81l.34.1a1.464 1.464 0 0 1 .872 2.105l-.17.31c-.698 1.283.705 2.686 1.987 1.987l.311-.169a1.464 1.464 0 0 1 2.105.872l.1.34c.413 1.4 2.397 1.4 2.81 0l.1-.34a1.464 1.464 0 0 1 2.105-.872l.31.17c1.283.698 2.686-.705 1.987-1.987l-.169-.311a1.464 1.464 0 0 1 .872-2.105l.34-.1c1.4-.413 1.4-2.397 0-2.81l-.34-.1a1.464 1.464 0 0 1-.872-2.105l.17-.31c.698-1.283-.705-2.686-1.987-1.987l-.311.169a1.464 1.464 0 0 1-2.105-.872l-.1-.34zM8 10.93a2.929 2.929 0 1 1 0-5.86 2.929 2.929 0 0 1 0 5.858z"
          />
        </svg>
      </div>
    </nav>
  </header>
</div>
`;
